Script started on 2026-10-10 13:33:39-04:00 [COMMAND="bash /tmp/arnold349-demo.sh" <not executed on terminal>]
Base: installed clean dfc5 runtime. Input: datatype violation fixture.
Probe: quipu share diff base introduced --report --fail-on-introduced
usage: quipu share diff <old> <new> [--format text|markdown|json]
base exit=1 (expected unavailable report, exit1)
Candidate: source8659f951; same input and probe.
### Facts

#### ~ Alice Smith (people/alice)

- **age**: `"30"^^xsd:integer` -> `"thirty"`

1 entity: 1 changed, 0 added, 0 removed facts

### SHACL violations introduced

**1 introduced.** Old data was validated against the old pack's shapes and new data against the new pack's shapes; a violation already present in old is not counted. Pre-existing: 1. Resolved by this change: 0. Shapes changed: no.

| Focus | Path | Constraint | Value | Count | Cause | Message |
|---|---|---|---|---|---|---|
| Alice Smith (people/alice) | age | sh:DatatypeConstraintComponent | `thirty` | 1 | data change | Expected Datatype: xsd:integer |

### Merge decisions

No `decisions.json` sidecar accompanies this change.

### Alias caveat

This review compares triples. It cannot see two different IRIs minted for one real entity: such a pair diffs, merges and validates cleanly as two entities. The candidates below are advisory (same `rdf:type`, normalized-label Jaro-Winkler at least 0.90, the merge driver's proposer); their absence is not evidence that no alias was introduced.

No candidate pairs proposed.

### Summary

qpack review: 1 entity changed (1 changed, 0 added, 0 removed facts); SHACL 1 introduced; no merge decisions; 0 alias candidates
share diff: 1 introduced SHACL violation(s)
candidate exit=3 (expected introduced violation, exit3)

Script done on 2026-10-10 13:33:39-04:00 [COMMAND_EXIT_CODE="0"]
